<html>
<body>
<pre>
<h1>礦ision Build Log</h1>
<h2>Project:</h2>
G:\zbq\三千世界\工作空间\项目\工装\自己\i9工装\总七----i9后组合前下视工装\主控程序\MainBoard\MainBoard.uvproj
Project File Date:  12/25/2020

<h2>Output:</h2>
Rebuild target 'MainBoard'
compiling core_cm3.c...
compiling system_stm32f10x.c...
assembling startup_stm32f10x_hd.s...
compiling misc.c...
compiling stm32f10x_adc.c...
compiling stm32f10x_bkp.c...
compiling stm32f10x_can.c...
compiling stm32f10x_cec.c...
compiling stm32f10x_crc.c...
compiling stm32f10x_dac.c...
compiling stm32f10x_dbgmcu.c...
compiling stm32f10x_dma.c...
compiling stm32f10x_exti.c...
compiling stm32f10x_flash.c...
compiling stm32f10x_fsmc.c...
compiling stm32f10x_gpio.c...
compiling stm32f10x_i2c.c...
compiling stm32f10x_iwdg.c...
compiling stm32f10x_pwr.c...
compiling stm32f10x_rcc.c...
compiling stm32f10x_rtc.c...
compiling stm32f10x_sdio.c...
compiling stm32f10x_spi.c...
compiling stm32f10x_tim.c...
compiling stm32f10x_usart.c...
compiling stm32f10x_wwdg.c...
compiling port.c...
compiling heap_2.c...
compiling list.c...
compiling queue.c...
compiling tasks.c...
compiling apiLib.c...
compiling TK_TimerController.c...
compiling TK_TestController.c...
compiling TK_DisplayController.c...
compiling bsp.c...
compiling main.c...
compiling stm32f10x_it.c...
compiling timer.c...
linking...
Program Size: Code=24672 RO-data=336 RW-data=144 ZI-data=18672  
FromELF: creating hex file...
".\OBJ\MainBoard.axf" - 0 Errors, 0 Warning(s).
Rebuild target 'MainBoard'
compiling core_cm3.c...
compiling system_stm32f10x.c...
assembling startup_stm32f10x_hd.s...
compiling misc.c...
compiling stm32f10x_adc.c...
compiling stm32f10x_bkp.c...
compiling stm32f10x_can.c...
compiling stm32f10x_cec.c...
compiling stm32f10x_crc.c...
compiling stm32f10x_dac.c...
compiling stm32f10x_dbgmcu.c...
compiling stm32f10x_dma.c...
compiling stm32f10x_exti.c...
compiling stm32f10x_flash.c...
compiling stm32f10x_fsmc.c...
compiling stm32f10x_gpio.c...
compiling stm32f10x_i2c.c...
compiling stm32f10x_iwdg.c...
compiling stm32f10x_pwr.c...
compiling stm32f10x_rcc.c...
compiling stm32f10x_rtc.c...
compiling stm32f10x_sdio.c...
compiling stm32f10x_spi.c...
compiling stm32f10x_tim.c...
compiling stm32f10x_usart.c...
compiling stm32f10x_wwdg.c...
compiling port.c...
compiling heap_2.c...
compiling list.c...
compiling queue.c...
compiling tasks.c...
compiling apiLib.c...
compiling TK_TimerController.c...
compiling TK_TestController.c...
compiling TK_DisplayController.c...
compiling bsp.c...
compiling main.c...
compiling stm32f10x_it.c...
compiling timer.c...
linking...
Program Size: Code=24672 RO-data=336 RW-data=144 ZI-data=18672  
FromELF: creating hex file...
".\OBJ\MainBoard.axf" - 0 Errors, 0 Warning(s).
Rebuild target 'MainBoard'
compiling core_cm3.c...
compiling system_stm32f10x.c...
assembling startup_stm32f10x_hd.s...
compiling misc.c...
compiling stm32f10x_adc.c...
compiling stm32f10x_bkp.c...
compiling stm32f10x_can.c...
compiling stm32f10x_cec.c...
compiling stm32f10x_crc.c...
compiling stm32f10x_dac.c...
compiling stm32f10x_dbgmcu.c...
compiling stm32f10x_dma.c...
compiling stm32f10x_exti.c...
compiling stm32f10x_flash.c...
compiling stm32f10x_fsmc.c...
compiling stm32f10x_gpio.c...
compiling stm32f10x_i2c.c...
compiling stm32f10x_iwdg.c...
compiling stm32f10x_pwr.c...
compiling stm32f10x_rcc.c...
compiling stm32f10x_rtc.c...
compiling stm32f10x_sdio.c...
compiling stm32f10x_spi.c...
compiling stm32f10x_tim.c...
compiling stm32f10x_usart.c...
compiling stm32f10x_wwdg.c...
compiling port.c...
compiling heap_2.c...
compiling list.c...
compiling queue.c...
compiling tasks.c...
compiling apiLib.c...
compiling TK_TimerController.c...
compiling TK_TestController.c...
compiling TK_DisplayController.c...
compiling bsp.c...
compiling main.c...
compiling stm32f10x_it.c...
compiling timer.c...
linking...
Program Size: Code=24672 RO-data=336 RW-data=144 ZI-data=18672  
FromELF: creating hex file...
".\OBJ\MainBoard.axf" - 0 Errors, 0 Warning(s).
Load "G:\\zbq\\三千世界\\工作空间\\项目\\工装\\自己\\i9工装\\总七----i9后组合前下视工装\\主控程序\\MainBoard\\OBJ\\MainBoard.axf" 
Erase Done.
Programming Done.
Verify OK.
Rebuild target 'MainBoard'
compiling core_cm3.c...
compiling system_stm32f10x.c...
assembling startup_stm32f10x_hd.s...
compiling misc.c...
compiling stm32f10x_adc.c...
compiling stm32f10x_bkp.c...
compiling stm32f10x_can.c...
compiling stm32f10x_cec.c...
compiling stm32f10x_crc.c...
compiling stm32f10x_dac.c...
compiling stm32f10x_dbgmcu.c...
compiling stm32f10x_dma.c...
compiling stm32f10x_exti.c...
compiling stm32f10x_flash.c...
compiling stm32f10x_fsmc.c...
compiling stm32f10x_gpio.c...
compiling stm32f10x_i2c.c...
compiling stm32f10x_iwdg.c...
compiling stm32f10x_pwr.c...
compiling stm32f10x_rcc.c...
compiling stm32f10x_rtc.c...
compiling stm32f10x_sdio.c...
compiling stm32f10x_spi.c...
compiling stm32f10x_tim.c...
compiling stm32f10x_usart.c...
compiling stm32f10x_wwdg.c...
compiling port.c...
compiling heap_2.c...
compiling list.c...
compiling queue.c...
compiling tasks.c...
compiling apiLib.c...
compiling TK_TimerController.c...
compiling TK_TestController.c...
compiling TK_DisplayController.c...
compiling bsp.c...
compiling main.c...
compiling stm32f10x_it.c...
compiling timer.c...
linking...
Program Size: Code=24672 RO-data=336 RW-data=144 ZI-data=18672  
FromELF: creating hex file...
".\OBJ\MainBoard.axf" - 0 Errors, 0 Warning(s).
Load "G:\\zbq\\三千世界\\工作空间\\项目\\工装\\自己\\i9工装\\总七----i9后组合前下视工装\\主控程序\\MainBoard\\OBJ\\MainBoard.axf" 
Erase Done.
Programming Done.
Verify OK.
